// Jest Snapshot v1, https://goo.gl/fbAQLP

exports[`ConfigMenu should render correctly 1`] = `ShallowWrapper {}`;
